=====================================================
SILENT MONITOR — ROD TV End-to-End Test
Started : Fri Apr 10 17:48:18 IST 2026
=====================================================
[17:48:18] 👁      mResumedActivity: ActivityRecord{3713e35 u0 com.webnexs.rod_tv/.MainActivity t662}
[17:48:25] 👁      mResumedActivity: ActivityRecord{3713e35 u0 com.webnexs.rod_tv/.MainActivity t662}
[17:48:31] 👁      mResumedActivity: ActivityRecord{3713e35 u0 com.webnexs.rod_tv/.MainActivity t662}
[17:48:37] 👁      mResumedActivity: ActivityRecord{3713e35 u0 com.webnexs.rod_tv/.MainActivity t662}
[17:48:43] 👁      mResumedActivity: ActivityRecord{3713e35 u0 com.webnexs.rod_tv/.MainActivity t662}
[17:48:49] 👁      mResumedActivity: ActivityRecord{3713e35 u0 com.webnexs.rod_tv/.MainActivity t662}
[17:48:49] 📸 Screenshot #1: rodtv_174849_ss1.png
[17:48:49] 📊 MEM: 333936 kBkB
[17:48:49] 🎬 Frame drop: 14.4% (118/819)
[17:48:59] 👁      mResumedActivity: ActivityRecord{3713e35 u0 com.webnexs.rod_tv/.MainActivity t662}
[17:49:05] 👁      mResumedActivity: ActivityRecord{3713e35 u0 com.webnexs.rod_tv/.MainActivity t662}
[17:49:11] 👁      mResumedActivity: ActivityRecord{3713e35 u0 com.webnexs.rod_tv/.MainActivity t662}
[17:49:18] 👁      mResumedActivity: ActivityRecord{3713e35 u0 com.webnexs.rod_tv/.MainActivity t662}
[17:49:24] 👁      mResumedActivity: ActivityRecord{3713e35 u0 com.webnexs.rod_tv/.MainActivity t662}
[17:49:31] 👁      mResumedActivity: ActivityRecord{3713e35 u0 com.webnexs.rod_tv/.MainActivity t662}
[17:49:31] 📸 Screenshot #2: rodtv_174931_ss2.png
[17:49:31] 📊 MEM: 335672 kBkB
[17:49:31] 🎬 Frame drop: 14.5% (120/823)
[17:49:40] 👁      mResumedActivity: ActivityRecord{3713e35 u0 com.webnexs.rod_tv/.MainActivity t662}
[17:49:47] 👁      mResumedActivity: ActivityRecord{3713e35 u0 com.webnexs.rod_tv/.MainActivity t662}
[17:49:54] 👁      mResumedActivity: ActivityRecord{3713e35 u0 com.webnexs.rod_tv/.MainActivity t662}
[17:50:00] 👁      mResumedActivity: ActivityRecord{3713e35 u0 com.webnexs.rod_tv/.MainActivity t662}
[17:50:08] 👁      mResumedActivity: ActivityRecord{3713e35 u0 com.webnexs.rod_tv/.MainActivity t662}
[17:50:14] 👁      mResumedActivity: ActivityRecord{3713e35 u0 com.webnexs.rod_tv/.MainActivity t662}
[17:50:14] 📸 Screenshot #3: rodtv_175014_ss3.png
[17:50:14] 📊 MEM: 351260 kBkB
[17:50:14] 🎬 Frame drop: 15.9% (183/1144)
[17:50:23] 👁      mResumedActivity: ActivityRecord{3713e35 u0 com.webnexs.rod_tv/.MainActivity t662}
[17:50:32] 👁      mResumedActivity: ActivityRecord{3713e35 u0 com.webnexs.rod_tv/.MainActivity t662}
[17:50:39] 👁      mResumedActivity: ActivityRecord{3713e35 u0 com.webnexs.rod_tv/.MainActivity t662}
[17:50:47] 👁      mResumedActivity: ActivityRecord{3713e35 u0 com.webnexs.rod_tv/.MainActivity t662}
[17:50:54] 👁      mResumedActivity: ActivityRecord{3713e35 u0 com.webnexs.rod_tv/.MainActivity t662}
[17:51:01] 👁      mResumedActivity: ActivityRecord{3713e35 u0 com.webnexs.rod_tv/.MainActivity t662}
[17:51:01] 📸 Screenshot #4: rodtv_175101_ss4.png
[17:51:01] 📊 MEM: 340496 kBkB
[17:51:01] 🎬 Frame drop: 16.1% (189/1170)
[17:51:10] 👁      mResumedActivity: ActivityRecord{3713e35 u0 com.webnexs.rod_tv/.MainActivity t662}
[17:51:17] 👁      mResumedActivity: ActivityRecord{3713e35 u0 com.webnexs.rod_tv/.MainActivity t662}
[17:51:25] 👁      mResumedActivity: ActivityRecord{3713e35 u0 com.webnexs.rod_tv/.MainActivity t662}
[17:51:32] 👁      mResumedActivity: ActivityRecord{3713e35 u0 com.webnexs.rod_tv/.MainActivity t662}
[17:51:39] 👁      mResumedActivity: ActivityRecord{3713e35 u0 com.webnexs.rod_tv/.MainActivity t662}
[17:51:47] 👁      mResumedActivity: ActivityRecord{3713e35 u0 com.webnexs.rod_tv/.MainActivity t662}
[17:51:47] 📸 Screenshot #5: rodtv_175147_ss5.png
[17:51:47] 📊 MEM: 336080 kBkB
[17:51:47] 🎬 Frame drop: 14.9% (194/1302)
[17:51:57] 👁      mResumedActivity: ActivityRecord{3713e35 u0 com.webnexs.rod_tv/.MainActivity t662}
[17:52:04] 👁      mResumedActivity: ActivityRecord{3713e35 u0 com.webnexs.rod_tv/.MainActivity t662}
[17:52:04] 📹 Segment 1 limit — pulling and starting new segment
[17:52:04] ✅ Seg1 pulled: 708K
[17:52:04] 📹 Seg2 started: /sdcard/rodtv_rec_20260410_174742_seg2.mp4
[17:52:16] 👁      mResumedActivity: ActivityRecord{3713e35 u0 com.webnexs.rod_tv/.MainActivity t662}
[17:52:24] 👁      mResumedActivity: ActivityRecord{3713e35 u0 com.webnexs.rod_tv/.MainActivity t662}
[17:52:32] 👁      mResumedActivity: ActivityRecord{3713e35 u0 com.webnexs.rod_tv/.MainActivity t662}
[17:52:40] 👁      mResumedActivity: ActivityRecord{3713e35 u0 com.webnexs.rod_tv/.MainActivity t662}
[17:52:40] 📸 Screenshot #6: rodtv_175240_ss6.png
[17:52:40] 📊 MEM: 340904 kBkB
[17:52:40] 🎬 Frame drop: 15.0% (200/1327)
[17:52:50] 👁      mResumedActivity: ActivityRecord{3713e35 u0 com.webnexs.rod_tv/.MainActivity t662}
[17:52:58] 👁      mResumedActivity: ActivityRecord{3713e35 u0 com.webnexs.rod_tv/.MainActivity t662}
[17:53:06] 👁      mResumedActivity: ActivityRecord{3713e35 u0 com.webnexs.rod_tv/.MainActivity t662}
[17:53:15] 👁      mResumedActivity: ActivityRecord{3713e35 u0 com.webnexs.rod_tv/.MainActivity t662}
[17:53:23] 👁      mResumedActivity: ActivityRecord{3713e35 u0 com.webnexs.rod_tv/.MainActivity t662}
[17:53:33] 👁      mResumedActivity: ActivityRecord{3713e35 u0 com.webnexs.rod_tv/.MainActivity t662}
[17:53:33] 📸 Screenshot #7: rodtv_175333_ss7.png
[17:53:33] 📊 MEM: 332680 kBkB
[17:53:33] 🎬 Frame drop: 14.9% (205/1370)
[17:53:43] 👁      mResumedActivity: ActivityRecord{3713e35 u0 com.webnexs.rod_tv/.MainActivity t662}
[17:53:52] 👁      mResumedActivity: ActivityRecord{3713e35 u0 com.webnexs.rod_tv/.MainActivity t662}
[17:54:01] 👁      mResumedActivity: ActivityRecord{3713e35 u0 com.webnexs.rod_tv/.MainActivity t662}
[17:54:10] 👁      mResumedActivity: ActivityRecord{3713e35 u0 com.webnexs.rod_tv/.MainActivity t662}
[17:54:19] 👁      mResumedActivity: ActivityRecord{3713e35 u0 com.webnexs.rod_tv/.MainActivity t662}
[17:54:28] 👁      mResumedActivity: ActivityRecord{3713e35 u0 com.webnexs.rod_tv/.MainActivity t662}
[17:54:28] 📸 Screenshot #8: rodtv_175428_ss8.png
[17:54:28] 📊 MEM: 377036 kBkB
[17:54:28] 🎬 Frame drop: 10.1% (251/2485)
[17:54:45] 👁      mResumedActivity: ActivityRecord{3713e35 u0 com.webnexs.rod_tv/.MainActivity t662}
[17:54:55] 👁      mResumedActivity: ActivityRecord{3713e35 u0 com.webnexs.rod_tv/.MainActivity t662}
[17:55:04] 👁      mResumedActivity: ActivityRecord{3713e35 u0 com.webnexs.rod_tv/.MainActivity t662}
[17:55:14] 👁      mResumedActivity: ActivityRecord{3713e35 u0 com.webnexs.rod_tv/.MainActivity t662}
[17:55:24] 👁      mResumedActivity: ActivityRecord{3713e35 u0 com.webnexs.rod_tv/.MainActivity t662}
[17:55:34] 👁      mResumedActivity: ActivityRecord{3713e35 u0 com.webnexs.rod_tv/.MainActivity t662}
[17:55:34] 📸 Screenshot #9: rodtv_175534_ss9.png
[17:55:34] 📊 MEM: 360468 kBkB
[17:55:34] 🎬 Frame drop: 8.6% (266/3079)
[17:55:48] 👁      mResumedActivity: ActivityRecord{3713e35 u0 com.webnexs.rod_tv/.MainActivity t662}
[17:55:58] 👁      mResumedActivity: ActivityRecord{3713e35 u0 com.webnexs.rod_tv/.MainActivity t662}
[17:56:08] 👁      mResumedActivity: ActivityRecord{3713e35 u0 com.webnexs.rod_tv/.MainActivity t662}
[17:56:19] 👁      mResumedActivity: ActivityRecord{3713e35 u0 com.webnexs.rod_tv/.MainActivity t662}
[17:56:29] 👁      mResumedActivity: ActivityRecord{3713e35 u0 com.webnexs.rod_tv/.MainActivity t662}
[17:56:40] 👁      mResumedActivity: ActivityRecord{3713e35 u0 com.webnexs.rod_tv/.MainActivity t662}
[17:56:40] 📸 Screenshot #10: rodtv_175640_ss10.png
[17:56:40] 📊 MEM: 410324 kBkB
[17:56:40] 🎬 Frame drop: 8.6% (270/3117)
[17:56:53] 👁      mResumedActivity: ActivityRecord{3713e35 u0 com.webnexs.rod_tv/.MainActivity t662}
[17:57:04] 👁      mResumedActivity: ActivityRecord{3713e35 u0 com.webnexs.rod_tv/.MainActivity t662}
[17:57:15] 👁      mResumedActivity: ActivityRecord{3713e35 u0 com.webnexs.rod_tv/.MainActivity t662}
